I'm sorry, but errors were detected in your script. Please correct the
errors listed below, and try again.


File "game/myscreens.rpy", line 14: expected a keyword argument or child statement.
    "Right before you are a lot of different fruits and vegetables. The variety is plenty. You see three different kind that may fit the needs."
    ^

Ren'Py Version: Ren'Py 7.3.5.606
Sun Mar 29 11:47:47 2020
